Admin@DESKTOP-7J5U4UQ MINGW64 ~/Desktop/Git
$ git --version
git version 2.39.2.windows.1

Admin@DESKTOP-7J5U4UQ MINGW64 ~/Desktop/Git
$ git config --global user.name

Admin@DESKTOP-7J5U4UQ MINGW64 ~/Desktop/Git
$ git config --global user.email

Admin@DESKTOP-7J5U4UQ MINGW64 ~/Desktop/Git
$ git config --global user.name Rohan Raikwar

Admin@DESKTOP-7J5U4UQ MINGW64 ~/Desktop/Git
$ git config --global user.name
Rohan

Admin@DESKTOP-7J5U4UQ MINGW64 ~/Desktop/Git
$ git config --global user.email "rr@logixbuilt.com"

Admin@DESKTOP-7J5U4UQ MINGW64 ~/Desktop/Git
$ git config --global user.email
rr@logixbuilt.com

Admin@DESKTOP-7J5U4UQ MINGW64 ~/Desktop/Git
$ git init
Initialized empty Git repository in C:/Users/Admin/Desktop/Git/.git/

Admin@DESKTOP-7J5U4UQ MINGW64 ~/Desktop/Git (master)
$ git status
On branch master

No commits yet

Untracked files:
  (use "git add <file>..." to include in what will be committed)
        sum.py

nothing added to commit but untracked files present (use "git add" to track)

Admin@DESKTOP-7J5U4UQ MINGW64 ~/Desktop/Git (master)
$ git add sum.py

Admin@DESKTOP-7J5U4UQ MINGW64 ~/Desktop/Git (master)
$ git status
On branch master

No commits yet

Changes to be committed:
  (use "git rm --cached <file>..." to unstage)
        new file:   sum.py


Admin@DESKTOP-7J5U4UQ MINGW64 ~/Desktop/Git (master)
$ git commit -m "initial commit"
[master (root-commit) c994651] initial commit
 1 file changed, 3 insertions(+)
 create mode 100644 sum.py

Admin@DESKTOP-7J5U4UQ MINGW64 ~/Desktop/Git (master)
$ git log
commit c994651c17e89a5e8ee940947117fa0e9afbb09a (HEAD -> master)
Author: Rohan <rr@logixbuilt.com>
Date:   Wed Mar 1 10:02:14 2023 +0530

    initial commit
